// Jest Snapshot v1, https://goo.gl/fbAQLP

exports[`filterHoursModulus3 should show only items with hour % 3 1`] = `
Array [
  "09:00",
  "12:00",
  "15:00",
  "18:00",
  "21:00",
  "00:00",
  "03:00",
  "06:00",
  "09:00",
  "12:00",
  "15:00",
  "18:00",
  "21:00",
  "00:00",
  "03:00",
  "06:00",
  "09:00",
]
`;
